

================================================================
== Synthesis Summary Report of 'kernel_gemm'
================================================================
+ General Information: 
    * Date:           Fri Feb 20 18:06:38 2026
    * Version:        2020.2.2 (Build 3118627 on Tue Feb  9 05:13:49 MST 2021)
    * Project:        proj_cosim
    * Solution:       solution1 (Vivado IP Flow Target)
    * Product family: virtexuplus
    * Target device:  xcu50-fsvh2104-2-e
    

+ Performance & Resource Estimates: 
    
    PS: '+' for module; 'o' for loop; '*' for dataflow
    +-----------------------------------+------+-------+---------+-----------+----------+---------+------+----------+---------+---------+-------------+------------+-----+
    |              Modules              | Issue|       | Latency |  Latency  | Iteration|         | Trip |          |         |         |             |            |     |
    |              & Loops              | Type | Slack | (cycles)|    (ns)   |  Latency | Interval| Count| Pipelined|  BRAM   |   DSP   |      FF     |     LUT    | URAM|
    +-----------------------------------+------+-------+---------+-----------+----------+---------+------+----------+---------+---------+-------------+------------+-----+
    |+ kernel_gemm                      |     -|  -0.00|     9651|  3.214e+04|         -|     9652|     -|        no|  5 (~0%)|  93 (1%)|   21102 (1%)|  14847 (1%)|    -|
    | + grp_compute_tile_fu_1082        |     -|  -0.09|      386|  1.285e+03|         -|      386|     -|        no|        -|  82 (1%)|  10341 (~0%)|  4942 (~0%)|    -|
    |  o COMPUTE_LOOP_I_COMPUTE_LOOP_J  |     -|  -2.43|      384|  1.279e+03|       130|        1|   256|       yes|        -|        -|            -|           -|    -|
    | o TILE_LOOP_I_TILE_LOOP_J         |     -|  -2.43|     9648|  3.213e+04|      2412|        -|     4|        no|        -|        -|            -|           -|    -|
    |  o INIT_LOOP_II_INIT_LOOP_JJ      |     -|  -2.43|      274|    912.420|        20|        1|   256|       yes|        -|        -|            -|           -|    -|
    |  o TILE_LOOP_K                    |     -|  -2.43|     1864|  6.207e+03|       932|        -|     2|        no|        -|        -|            -|           -|    -|
    |   o LOAD_LOOP_I_LOAD_LOOP_J       |     -|  -2.43|      270|    899.100|        16|        1|   256|       yes|        -|        -|            -|           -|    -|
    |   o LOAD_LOOP_I_LOAD_LOOP_J       |     -|  -2.43|      270|    899.100|        16|        1|   256|       yes|        -|        -|            -|           -|    -|
    |  o STORE_LOOP_I_STORE_LOOP_J      |     -|  -2.43|      268|    892.440|        14|        1|   256|       yes|        -|        -|            -|           -|    -|
    +-----------------------------------+------+-------+---------+-----------+----------+---------+------+----------+---------+---------+-------------+------------+-----+

