

================================================================
== Synthesis Summary Report of 'kernel_gemm'
================================================================
+ General Information: 
    * Date:           Wed Feb 18 17:04:36 2026
    * Version:        2020.2.2 (Build 3118627 on Tue Feb  9 05:13:49 MST 2021)
    * Project:        proj_csim
    * Solution:       solution1 (Vivado IP Flow Target)
    * Product family: virtexuplus
    * Target device:  xcu50-fsvh2104-2-e
    

+ Performance & Resource Estimates: 
    
    PS: '+' for module; 'o' for loop; '*' for dataflow
    +-------------------------------------+------+-------+---------+-----------+----------+---------+------+----------+---------+----------+------------+------------+-----+
    |               Modules               | Issue|       | Latency |  Latency  | Iteration|         | Trip |          |         |          |            |            |     |
    |               & Loops               | Type | Slack | (cycles)|    (ns)   |  Latency | Interval| Count| Pipelined|  BRAM   |    DSP   |     FF     |     LUT    | URAM|
    +-------------------------------------+------+-------+---------+-----------+----------+---------+------+----------+---------+----------+------------+------------+-----+
    |+ kernel_gemm                        |     -|  -0.00|        -|          -|         -|        -|     -|        no|  4 (~0%)|  335 (5%)|  52487 (3%)|  33660 (3%)|    -|
    | + grp_compute_tile_fu_2798          |     -|  -0.09|     4562|  1.519e+04|         -|     4562|     -|        no|        -|  322 (5%)|  38971 (2%)|  18210 (2%)|    -|
    |  o VITIS_LOOP_30_1_VITIS_LOOP_31_2  |     -|  -2.43|     4560|  1.518e+04|       466|        1|  4096|       yes|        -|         -|           -|           -|    -|
    | o VITIS_LOOP_75_1_VITIS_LOOP_76_2   |     -|  -2.43|        -|          -|         -|        -|     -|        no|        -|         -|           -|           -|    -|
    |  o VITIS_LOOP_80_3_VITIS_LOOP_81_4  |     -|  -2.43|     4114|  1.370e+04|        20|        1|  4096|       yes|        -|         -|           -|           -|    -|
    |  o VITIS_LOOP_91_5                  |     -|  -2.43|        -|          -|     12788|        -|     -|        no|        -|         -|           -|           -|    -|
    |   o VITIS_LOOP_9_1_VITIS_LOOP_10_2  |     -|  -2.43|     4110|  1.369e+04|        16|        1|  4096|       yes|        -|         -|           -|           -|    -|
    |   o VITIS_LOOP_9_1_VITIS_LOOP_10_2  |     -|  -2.43|     4110|  1.369e+04|        16|        1|  4096|       yes|        -|         -|           -|           -|    -|
    |  o VITIS_LOOP_46_1_VITIS_LOOP_47_2  |     -|  -2.43|     4108|  1.368e+04|        14|        1|  4096|       yes|        -|         -|           -|           -|    -|
    +-------------------------------------+------+-------+---------+-----------+----------+---------+------+----------+---------+----------+------------+------------+-----+

